// Jest Snapshot v1, https://goo.gl/fbAQLP

exports[`<AcceptField> <AcceptField> - legacy renders an input 1`] = `
"<AcceptField name=\\"x\\">
  <Accept name=\\"x\\" id=\\"uniforms-0000-0000\\" disabled={false} label=\\"\\" placeholder=\\"\\" showInlineError={false} changed={false} error={null} errorMessage=\\"\\" field={{ type: [Function: String], optional: false, label: 'X' }} fieldType={[Function: String]} fields={[]} onChange={[Function]} value={[undefined]} required={true}>
    <section id=\\"uniforms-0000-0000\\" required={true} className=\\" accept-field\\">
      <label className=\\"euiFormLabel euiFormRow__label\\">
        [missing &quot;en.forms.fields.x&quot; translation]
      </label>
      <EuiText size=\\"m\\">
        <div className=\\"euiText euiText--medium\\">
          [missing &quot;en.forms.fields.x_info&quot; translation]
        </div>
      </EuiText>
      <EuiCheckbox id=\\"x\\" name=\\"x\\" className={[undefined]} onChange={[Function: onChange]} checked={false} label=\\"[missing \\"en.forms.fields.x\\" translation]\\" readOnly={false} disabled={false} indeterminate={false} compressed={false}>
        <div className=\\"euiCheckbox\\">
          <input className=\\"euiCheckbox__input\\" type=\\"checkbox\\" id=\\"x\\" checked={false} onChange={[Function: onChange]} disabled={false} name=\\"x\\" readOnly={false} />
          <div className=\\"euiCheckbox__square\\" />
          <label className=\\"euiCheckbox__label\\" htmlFor=\\"x\\">
            [missing &quot;en.forms.fields.x&quot; translation]
          </label>
        </div>
      </EuiCheckbox>
    </section>
  </Accept>
</AcceptField>"
`;

exports[`<AcceptField> <AcceptField> - renders inputs 1`] = `
"<AcceptField name=\\"x\\">
  <Accept name=\\"x\\" id=\\"uniforms-0000-0002\\" disabled={false} label=\\"\\" placeholder=\\"\\" showInlineError={false} changed={false} error={null} errorMessage=\\"\\" field={{ uniforms: { data: [ [ 'label', 'label' ], [ 'info', 'info' ], [ 'warning', 'warning' ], [ 'margin', 'margin' ], [ 'value', 'value' ], [ 'http://example.com', 'url' ], [ 'checkbox1', 'checkbox' ], [ 'label_with_context', 'label', { foo: 'bar' } ], [ 'sub_checkbox', '>checkbox' ], [ 'sub_checkbox2', '>checkbox' ], [ 'optional_checkbox', 'checkbox?' ], [ 'skip_checkbox', 'skip' ] ] }, type: [Function: String], optional: false, label: 'X' }} fieldType={[Function: String]} fields={[]} onChange={[Function]} value={[undefined]} required={true} data={[ [ 'label', 'label' ], [ 'info', 'info' ], [ 'warning', 'warning' ], [ 'margin', 'margin' ], [ 'value', 'value' ], [ 'http://example.com', 'url' ], [ 'checkbox1', 'checkbox' ], [ 'label_with_context', 'label', { foo: 'bar' } ], [ 'sub_checkbox', '>checkbox' ], [ 'sub_checkbox2', '>checkbox' ], [ 'optional_checkbox', 'checkbox?' ], [ 'skip_checkbox', 'skip' ] ]}>
    <section id=\\"uniforms-0000-0002\\" required={true} className=\\" accept-field\\">
      <label className=\\"euiFormLabel euiFormRow__label\\">
        [missing &quot;en.forms.fields.x_accept.label&quot; translation]
      </label>
      <EuiText size=\\"m\\">
        <div className=\\"euiText euiText--medium\\">
          [missing &quot;en.forms.fields.x_accept.info&quot; translation]
        </div>
      </EuiText>
      <label className=\\"euiFormLabel euiFormRow__label warning\\">
        [missing &quot;en.forms.fields.x_accept.warning&quot; translation]
      </label>
      <br />
      <div>
        <input value=\\"value\\" disabled={true} />
      </div>
      <div>
        <a href=\\"http://example.com\\" target=\\"_blank\\" rel=\\"noopener noreferrer\\">
          http://example.com
        </a>
      </div>
      <EuiCheckbox id=\\"checkbox16\\" name=\\"checkbox16\\" className={[undefined]} onChange={[Function: onChange]} checked={false} label=\\"[missing \\"en.forms.fields.x_accept.checkbox1\\" translation]\\" readOnly={false} disabled={false} indeterminate={false} compressed={false}>
        <div className=\\"euiCheckbox\\">
          <input className=\\"euiCheckbox__input\\" type=\\"checkbox\\" id=\\"checkbox16\\" checked={false} onChange={[Function: onChange]} disabled={false} name=\\"checkbox16\\" readOnly={false} />
          <div className=\\"euiCheckbox__square\\" />
          <label className=\\"euiCheckbox__label\\" htmlFor=\\"checkbox16\\">
            [missing &quot;en.forms.fields.x_accept.checkbox1&quot; translation]
          </label>
        </div>
      </EuiCheckbox>
      <label className=\\"euiFormLabel euiFormRow__label\\">
        [missing &quot;en.forms.fields.x_accept.label_with_context&quot; translation]
      </label>
      <EuiCheckbox id=\\"sub_checkbox8\\" name=\\"sub_checkbox8\\" className=\\"level_2\\" onChange={[Function: onChange]} checked={false} label=\\"[missing \\"en.forms.fields.x_accept.sub_checkbox\\" translation]\\" readOnly={false} disabled={false} indeterminate={false} compressed={false}>
        <div className=\\"euiCheckbox level_2\\">
          <input className=\\"euiCheckbox__input\\" type=\\"checkbox\\" id=\\"sub_checkbox8\\" checked={false} onChange={[Function: onChange]} disabled={false} name=\\"sub_checkbox8\\" readOnly={false} />
          <div className=\\"euiCheckbox__square\\" />
          <label className=\\"euiCheckbox__label\\" htmlFor=\\"sub_checkbox8\\">
            [missing &quot;en.forms.fields.x_accept.sub_checkbox&quot; translation]
          </label>
        </div>
      </EuiCheckbox>
      <EuiCheckbox id=\\"sub_checkbox29\\" name=\\"sub_checkbox29\\" className=\\"level_2\\" onChange={[Function: onChange]} checked={false} label=\\"[missing \\"en.forms.fields.x_accept.sub_checkbox2\\" translation]\\" readOnly={false} disabled={false} indeterminate={false} compressed={false}>
        <div className=\\"euiCheckbox level_2\\">
          <input className=\\"euiCheckbox__input\\" type=\\"checkbox\\" id=\\"sub_checkbox29\\" checked={false} onChange={[Function: onChange]} disabled={false} name=\\"sub_checkbox29\\" readOnly={false} />
          <div className=\\"euiCheckbox__square\\" />
          <label className=\\"euiCheckbox__label\\" htmlFor=\\"sub_checkbox29\\">
            [missing &quot;en.forms.fields.x_accept.sub_checkbox2&quot; translation]
          </label>
        </div>
      </EuiCheckbox>
      <EuiCheckbox id=\\"optional_checkbox10\\" name=\\"optional_checkbox10\\" className={[undefined]} onChange={[Function: onChange]} checked={false} label=\\"[missing \\"en.forms.fields.x_accept.optional_checkbox\\" translation]\\" readOnly={false} disabled={false} indeterminate={false} compressed={false}>
        <div className=\\"euiCheckbox\\">
          <input className=\\"euiCheckbox__input\\" type=\\"checkbox\\" id=\\"optional_checkbox10\\" checked={false} onChange={[Function: onChange]} disabled={false} name=\\"optional_checkbox10\\" readOnly={false} />
          <div className=\\"euiCheckbox__square\\" />
          <label className=\\"euiCheckbox__label\\" htmlFor=\\"optional_checkbox10\\">
            [missing &quot;en.forms.fields.x_accept.optional_checkbox&quot; translation]
          </label>
        </div>
      </EuiCheckbox>
      <EuiCheckbox id=\\"skip_checkbox\\" name=\\"skip_checkbox\\" onChange={[Function: onChange]} checked={false} label=\\"[missing \\"en.forms.fields.x_accept.skip_checkbox\\" translation]\\" className=\\"skip\\" disabled={false} indeterminate={false} compressed={false}>
        <div className=\\"euiCheckbox skip\\">
          <input className=\\"euiCheckbox__input\\" type=\\"checkbox\\" id=\\"skip_checkbox\\" checked={false} onChange={[Function: onChange]} disabled={false} name=\\"skip_checkbox\\" />
          <div className=\\"euiCheckbox__square\\" />
          <label className=\\"euiCheckbox__label\\" htmlFor=\\"skip_checkbox\\">
            [missing &quot;en.forms.fields.x_accept.skip_checkbox&quot; translation]
          </label>
        </div>
      </EuiCheckbox>
    </section>
  </Accept>
</AcceptField>"
`;
